// Jest Snapshot v1, https://goo.gl/fbAQLP

exports[`PaymentFailed snapshot should render correctly 1`] = `
<form>
  <div
    className="ineligible-warning"
  >
    <div
      className="header-container"
    >
      <div>
        <i
          aria-hidden="true"
          className="fa fa-exclamation"
        />
      </div>
      <h1>
         We're sorry, the payment was declined
      </h1>
    </div>
    <p
      className="no-margin-bottom"
    >
      Please try again if you want to continue with the order.
    </p>
    <a
      className="button-primary"
      href="test"
    >
      Continue with the order
    </a>
    <a
      className="button-secondary anchor-as-block"
      href="https://www.stockport.gov.uk/"
    >
      Go to the homepage
    </a>
  </div>
</form>
`;
