// Jest Snapshot v1, https://goo.gl/fbAQLP

exports[`AboutYourself snapshot should render correctly 1`] = `
Array [
  <form
    onSubmit={[Function]}
  >
    <h1 />
    <h2>
      Tell us about yourself
    </h2>
    <label
      htmlFor="firstName"
    >
      First name
    </label>
    <input
      aria-label="First name"
      aria-live="off"
      className=""
      id="firstName"
      inputMode={undefined}
      maxLength={35}
      min={undefined}
      name="firstName"
      onChange={[Function]}
      onKeyDown={[Function]}
      pattern={undefined}
      type="text"
      value="Sarah"
    />
    <label
      htmlFor="lastName"
    >
      Last name
    </label>
    <input
      aria-label="Last name"
      aria-live="off"
      className=""
      id="lastName"
      inputMode={undefined}
      maxLength={60}
      min={undefined}
      name="lastName"
      onChange={[Function]}
      onKeyDown={[Function]}
      pattern={undefined}
      type="text"
      value="Logan"
    />
    <label
      htmlFor="phoneNumber"
    >
      Phone number
    </label>
    <input
      aria-label="Phone number"
      aria-live="off"
      className=""
      id="phoneNumber"
      inputMode={undefined}
      maxLength={undefined}
      min={undefined}
      name="phoneNumber"
      onChange={[Function]}
      onKeyDown={[Function]}
      pattern={undefined}
      type="tel"
      value="Value"
    />
    <label
      htmlFor="emailAddress"
    >
      Email address
    </label>
    <input
      aria-label="Email address"
      aria-live="off"
      className=""
      id="emailAddress"
      inputMode={undefined}
      maxLength={undefined}
      min={undefined}
      name="emailAddress"
      onChange={[Function]}
      onKeyDown={[Function]}
      pattern={undefined}
      type="email"
      value="Value"
    />
    <h3
      aria-hidden={true}
    >
      Enter your postcode
    </h3>
    <p
      className="description"
    >
      If you don't have a Stockport postcode, enter your address manually below
    </p>
    <label
      className="sr-only"
      htmlFor="postcode"
    >
      Enter your postcode
    </label>
    <input
      aria-label="Enter your postcode"
      aria-live="off"
      className=" address-picker-input"
      id="postcode"
      inputMode={undefined}
      maxLength={undefined}
      min={undefined}
      name="postcode"
      onChange={[Function]}
      onKeyDown={[Function]}
      pattern={undefined}
      type="text"
      value=""
    />
    <button
      className="button-secondary"
      disabled={true}
      onClick={[Function]}
    >
      Find the address
    </button>
    <p>
      <a
        className="anchor-as-block"
        href="#"
        onClick={[Function]}
      >
        Enter the address manually
      </a>
    </p>
    <button
      className="button-primary"
      disabled={false}
      id={undefined}
      onClick={undefined}
      type="submit"
    >
      Next step
    </button>
  </form>,
  <p>
    <a
      href="#"
      onClick={[Function]}
    >
      Previous
    </a>
  </p>,
]
`;
