// Jest Snapshot v1, https://goo.gl/fbAQLP

exports[`SelectAppointment snapshot renders correctly with spinner while there are no appointments 1`] = `
Array [
  <h1 />,
  <div>
    <section
      className="alert-information-form"
    >
      <span
        className="fa fa-info-circle"
      />
      <p
        dangerouslySetInnerHTML={
          Object {
            "__html": "There are currently no online appointments available. Please email <a href='mailto:taxi.licensing@stockport.gov.uk'>taxi.licensing@stockport.gov.uk</a> to book your test",
          }
        }
      />
    </section>
  </div>,
  <a
    className="button-primary"
    href="https://www.stockport.gov.uk"
  >
    Return to homepage
  </a>,
  <p>
    <a
      href="#"
      onClick={[Function]}
    >
      Previous
    </a>
  </p>,
]
`;
