// Jest Snapshot v1, https://goo.gl/fbAQLP

exports[`Resit snapshot should render correctly 1`] = `
Array [
  <form
    onSubmit={[Function]}
  >
    <h1 />
    <h2>
      Is this the first time you'll be taking the taxi driver knowledge test?
    </h2>
    <fieldset>
      <div
        className="input-radio-container"
        role="radiogroup"
      >
        <input
          defaultChecked={false}
          disabled={undefined}
          id="yes"
          name="isResit"
          onChange={[Function]}
          type="radio"
          value="false"
        />
        <label
          htmlFor="yes"
        >
          Yes
        </label>
      </div>
      <div
        className="input-radio-container"
        role="radiogroup"
      >
        <input
          defaultChecked={true}
          disabled={undefined}
          id="no"
          name="isResit"
          onChange={[Function]}
          type="radio"
          value="true"
        />
        <label
          htmlFor="no"
        >
          No
        </label>
      </div>
      <div
        className="additional-list-component"
      >
        <div
          className="input-date-picker"
        >
          <label
            className=""
            htmlFor="previous-test-date"
          >
            Select the date of your last test
          </label>
          <p
            className="description"
          >
            You'll be able to choose a new test 4 weeks from this date
          </p>
          <div
            className="SingleDatePicker SingleDatePicker_1"
          >
            <div>
              <div
                className="SingleDatePickerInput SingleDatePickerInput_1 SingleDatePickerInput__withBorder SingleDatePickerInput__withBorder_2"
              >
                <div
                  className="DateInput DateInput_1"
                >
                  <input
                    aria-describedby="DateInput__screen-reader-message-previous-test-date"
                    aria-label="dd/mm/yyyy"
                    autoComplete="off"
                    className="DateInput_input DateInput_input_1"
                    disabled={false}
                    id="previous-test-date"
                    name="previous-test-date"
                    onChange={[Function]}
                    onFocus={[Function]}
                    onKeyDown={[Function]}
                    placeholder="dd/mm/yyyy"
                    readOnly={false}
                    required={false}
                    type="text"
                    value=""
                  />
                  <p
                    className="DateInput_screenReaderMessage DateInput_screenReaderMessage_1"
                    id="DateInput__screen-reader-message-previous-test-date"
                  >
                    Press the down arrow key to interact with the calendar and
  select a date. Press the question mark key to get the keyboard shortcuts for changing dates.
                  </p>
                </div>
              </div>
            </div>
          </div>
        </div>
      </div>
    </fieldset>
    <button
      className="button-primary"
      disabled={true}
      id={undefined}
      onClick={undefined}
      type="submit"
    >
      Next step
    </button>
  </form>,
  <p>
    <a
      href="#"
      onClick={[Function]}
    >
      Back
    </a>
  </p>,
]
`;
