// Jest Snapshot v1, https://goo.gl/fbAQLP

exports[`FailedBooking snapshot should render correctly 1`] = `
<div
  className="system-failure"
>
  <h1>
    Sorry, something went wrong
  </h1>
  <div
    className="icon"
  >
    <span
      aria-hidden="true"
      className="fa fa-5x fa-exclamation"
    />
  </div>
  <h2 />
  <p>
    We're sorry, something went wrong. We may have taken the money from your account but not booked your test.
  </p>
  <p>
    Please ring the contact centre on 
    <strong>
      0161 217 6111
    </strong>
     to make sure your booking is complete.
  </p>
  <p>
    <a
      className="button-primary no-margin-bottom"
      href="https://www.stockport.gov.uk/"
    >
      Go back to the homepage
    </a>
  </p>
</div>
`;
