// Jest Snapshot v1, https://goo.gl/fbAQLP

exports[`SomethingWentWrong snapshot should render correctly 1`] = `
<form>
  <div
    className="ineligible-warning"
  >
    <div
      className="header-container"
    >
      <div>
        <i
          aria-hidden="true"
          className="fa fa-exclamation"
        />
      </div>
      <h1>
         We're sorry, there was a problem with the form
      </h1>
    </div>
    <p
      className="no-margin-bottom"
    >
      No money has been taken from your account, please try again if you want to continue.
    </p>
    <a
      className="button-primary"
      href="test"
    >
      Go back to try the payment again
    </a>
    <a
      className="button-secondary anchor-as-block"
      href="https://www.stockport.gov.uk/"
    >
      Go to the homepage
    </a>
  </div>
</form>
`;
